// Jest Snapshot v1, https://goo.gl/fbAQLP

exports[`Should render the TextInput component 1`] = `
<TextInput
  keyboardType="default"
  onChangeText={[Function]}
  placeholder="Placeholder"
  placeholderTextColor="#ADADAD"
  style={
    Object {
      "backgroundColor": "#EFEFEF",
      "borderColor": "#EFEFEF",
      "borderRadius": 4,
      "borderWidth": 0,
      "color": "#1C1C1C",
      "fontSize": 14,
      "fontStyle": "normal",
      "fontWeight": "500",
      "height": undefined,
      "marginBottom": undefined,
      "marginHorizontal": undefined,
      "marginLeft": undefined,
      "marginRight": undefined,
      "marginVertical": 0,
      "padding": 10,
      "shadowColor": "#000000",
      "width": undefined,
    }
  }
  textAlign="left"
  value=""
/>
`;
